[icodeshequ.youdao.com/workspace/py.html]
[shared.ydstatic.com/ke/sdk/popadsdk.js]
[unpkg.com/vconsole/dist/vconsole.min.2.delayed]
[backblue.gif]
[fade.gif]
[index.html]
[shared.ydstatic.com/js/ydk/ydk-1.6.4.js]
[unpkg.com/vconsole@3.11.2/dist/vconsole.min.js]
[icodeshequ.youdao.com/_next/static/css/9d8c2f06394ce8cfc884.css]
[icodeshequ.youdao.com/_next/static/chunks/webpack-94ff8e7764319e9e4800.js]
[icodeshequ.youdao.com/_next/static/chunks/framework-c93ed74a065331c4bd75.js]
[icodeshequ.youdao.com/_next/static/chunks/main-71948af4b0f09c0fc30e.js]
[icodeshequ.youdao.com/_next/static/chunks/pages/_app-a026b9e93785e04e52e1.js]
[icodeshequ.youdao.com/_next/static/chunks/pages/workspace/py-e0dae780d43da9ee5f21.js]
[shared.ydstatic.com/js/rlog/v1.js]
[icodeshequ.youdao.com/_next/static/chunks/polyfills-eef578260fd80f8fff94.js]
[icodeshequ.youdao.com/_next/static/t5P-8bCf02P7Rp8djy_Vt/_buildManifest.js]
[icodeshequ.youdao.com/_next/static/t5P-8bCf02P7Rp8djy_Vt/_ssgManifest.js]
[icodeshequ.youdao.com/workspace/py.html]
[shared.ydstatic.com/ke/icode/turingshequ/6.0.1/public/themebg.png]
[icodeshequ.youdao.com/_next/static/css/9d8c2f06394ce8cfc884.css]
